{
  "parent": "minecraft:recipes/root",
  "rewards": {
    "recipes": [
      "combat:golden_chakram"
    ]
  },
  "criteria": {
    "has_gold_ingot": {
      "trigger": "minecraft:inventory_changed",
      "conditions": {
        "items": [
          {
            "items": [
              "minecraft:gold_ingot"
            ]
          }
        ]
      }
    },
    "has_the_recipe": {
      "trigger": "minecraft:recipe_unlocked",
      "conditions": {
        "recipe": "combat:golden_chakram"
      }
    }
  },
  "requirements": [
    [
      "has_gold_ingot",
      "has_the_recipe"
    ]
  ]
}