{
  "parent": "combat:recipes/root",
  "rewards": {
    "recipes": [
      "combat:diamond_longbow"
    ]
  },
  "criteria": {
    "has_longbow": {
      "trigger": "minecraft:inventory_changed",
      "conditions": {
        "items": [
          {
            "items": [
              "combat:longbow"
            ]
          }
        ]
      }
    },
    "has_the_recipe": {
      "trigger": "minecraft:recipe_unlocked",
      "conditions": {
        "recipe": "combat:diamond_longbow"
      }
    }
  },
  "requirements": [
    [
      "has_longbow",
      "has_the_recipe"
    ]
  ]
}